// Jest Snapshot v1, https://goo.gl/fbAQLP

exports[`MainPage should render like snapshot 1`] = `
ShallowWrapper {
  Symbol(enzyme.__root__): [Circular],
  Symbol(enzyme.__unrendered__): <MainPage
    fetchGolfCourses={[MockFunction]}
    golfCourses={
      Array [
        Object {
          "address": "99 Elmwood Ave.",
          "city": "Rochester",
          "country": "United States",
          "holes": "18",
          "id": "4712",
          "isFavorite": false,
          "isPayToPlay": "No",
          "isPrivate": "No",
          "name": "Genesee Valley Park",
          "rating": "3.29",
          "state": "NY",
          "zip": "14620",
        },
        Object {
          "address": "3850 East Henrietta Rd.",
          "city": "Henrietta",
          "country": "United States",
          "holes": "9",
          "id": "7628",
          "isFavorite": false,
          "isPayToPlay": "No",
          "isPrivate": "No",
          "name": "Lookup Park",
          "rating": "3.13",
          "state": "NY",
          "zip": "14467",
        },
        Object {
          "address": "",
          "city": "Henrietta",
          "country": "United States",
          "holes": "18",
          "id": "4937",
          "isFavorite": false,
          "isPayToPlay": "No",
          "isPrivate": "No",
          "name": "Monroe Community College DGC",
          "rating": "2.94",
          "state": "NY",
          "zip": "14623",
        },
        Object {
          "address": "",
          "city": "Rochester",
          "country": "United States",
          "holes": "18",
          "id": "6795",
          "isFavorite": false,
          "isPayToPlay": "No",
          "isPrivate": "No",
          "name": "Ellison Park",
          "rating": "3.54",
          "state": "NY",
          "zip": "14610",
        },
        Object {
          "address": "750 Holt Rd.",
          "city": "Webster",
          "country": "United States",
          "holes": "9",
          "id": "6443",
          "isFavorite": false,
          "isPayToPlay": "No",
          "isPrivate": "No",
          "name": "North Ponds DGC",
          "rating": "1.75",
          "state": "NY",
          "zip": "14580",
        },
      ]
    }
    toggleCourseDetails={[MockFunction]}
    toggleSearchResults={[MockFunction]}
  />,
  Symbol(enzyme.__renderer__): Object {
    "batchedUpdates": [Function],
    "getNode": [Function],
    "render": [Function],
    "simulateError": [Function],
    "simulateEvent": [Function],
    "unmount": [Function],
  },
  Symbol(enzyme.__node__): Object {
    "instance": null,
    "key": undefined,
    "nodeType": "host",
    "props": Object {
      "children": Array [
        <p
          className="page-name"
        />,
        <input
          className="search-input"
          onChange={[Function]}
          placeholder="Search for a zip code or city"
          type="search"
          value=""
        />,
        <button
          className="submit-btn"
          type="submit"
        >
          Submit
        </button>,
        <Route
          exact={true}
          path="/findcourses"
          render={[Function]}
        />,
        <Route
          exact={true}
          path="/findcourses/searchresults"
          render={[Function]}
        />,
        <Route
          exact={true}
          path="/findcourses/searchresults/courseinfo/:id"
          render={[Function]}
        />,
      ],
      "className": "MainPage",
      "onSubmit": [Function],
    },
    "ref": null,
    "rendered": Array [
      Object {
        "instance": null,
        "key": undefined,
        "nodeType": "host",
        "props": Object {
          "children": undefined,
          "className": "page-name",
        },
        "ref": null,
        "rendered": null,
        "type": "p",
      },
      Object {
        "instance": null,
        "key": undefined,
        "nodeType": "host",
        "props": Object {
          "className": "search-input",
          "onChange": [Function],
          "placeholder": "Search for a zip code or city",
          "type": "search",
          "value": "",
        },
        "ref": null,
        "rendered": null,
        "type": "input",
      },
      Object {
        "instance": null,
        "key": undefined,
        "nodeType": "host",
        "props": Object {
          "children": "Submit",
          "className": "submit-btn",
          "type": "submit",
        },
        "ref": null,
        "rendered": "Submit",
        "type": "button",
      },
      Object {
        "instance": null,
        "key": undefined,
        "nodeType": "class",
        "props": Object {
          "exact": true,
          "path": "/findcourses",
          "render": [Function],
        },
        "ref": null,
        "rendered": null,
        "type": [Function],
      },
      Object {
        "instance": null,
        "key": undefined,
        "nodeType": "class",
        "props": Object {
          "exact": true,
          "path": "/findcourses/searchresults",
          "render": [Function],
        },
        "ref": null,
        "rendered": null,
        "type": [Function],
      },
      Object {
        "instance": null,
        "key": undefined,
        "nodeType": "class",
        "props": Object {
          "exact": true,
          "path": "/findcourses/searchresults/courseinfo/:id",
          "render": [Function],
        },
        "ref": null,
        "rendered": null,
        "type": [Function],
      },
    ],
    "type": "form",
  },
  Symbol(enzyme.__nodes__): Array [
    Object {
      "instance": null,
      "key": undefined,
      "nodeType": "host",
      "props": Object {
        "children": Array [
          <p
            className="page-name"
          />,
          <input
            className="search-input"
            onChange={[Function]}
            placeholder="Search for a zip code or city"
            type="search"
            value=""
          />,
          <button
            className="submit-btn"
            type="submit"
          >
            Submit
          </button>,
          <Route
            exact={true}
            path="/findcourses"
            render={[Function]}
          />,
          <Route
            exact={true}
            path="/findcourses/searchresults"
            render={[Function]}
          />,
          <Route
            exact={true}
            path="/findcourses/searchresults/courseinfo/:id"
            render={[Function]}
          />,
        ],
        "className": "MainPage",
        "onSubmit": [Function],
      },
      "ref": null,
      "rendered": Array [
        Object {
          "instance": null,
          "key": undefined,
          "nodeType": "host",
          "props": Object {
            "children": undefined,
            "className": "page-name",
          },
          "ref": null,
          "rendered": null,
          "type": "p",
        },
        Object {
          "instance": null,
          "key": undefined,
          "nodeType": "host",
          "props": Object {
            "className": "search-input",
            "onChange": [Function],
            "placeholder": "Search for a zip code or city",
            "type": "search",
            "value": "",
          },
          "ref": null,
          "rendered": null,
          "type": "input",
        },
        Object {
          "instance": null,
          "key": undefined,
          "nodeType": "host",
          "props": Object {
            "children": "Submit",
            "className": "submit-btn",
            "type": "submit",
          },
          "ref": null,
          "rendered": "Submit",
          "type": "button",
        },
        Object {
          "instance": null,
          "key": undefined,
          "nodeType": "class",
          "props": Object {
            "exact": true,
            "path": "/findcourses",
            "render": [Function],
          },
          "ref": null,
          "rendered": null,
          "type": [Function],
        },
        Object {
          "instance": null,
          "key": undefined,
          "nodeType": "class",
          "props": Object {
            "exact": true,
            "path": "/findcourses/searchresults",
            "render": [Function],
          },
          "ref": null,
          "rendered": null,
          "type": [Function],
        },
        Object {
          "instance": null,
          "key": undefined,
          "nodeType": "class",
          "props": Object {
            "exact": true,
            "path": "/findcourses/searchresults/courseinfo/:id",
            "render": [Function],
          },
          "ref": null,
          "rendered": null,
          "type": [Function],
        },
      ],
      "type": "form",
    },
  ],
  Symbol(enzyme.__options__): Object {
    "adapter": ReactSixteenAdapter {
      "options": Object {
        "enableComponentDidUpdateOnSetState": true,
        "lifecycles": Object {
          "componentDidUpdate": Object {
            "onSetState": true,
          },
          "getDerivedStateFromProps": true,
          "getSnapshotBeforeUpdate": true,
          "setState": Object {
            "skipsComponentDidUpdateOnNullish": true,
          },
        },
      },
    },
  },
}
`;
