// Jest Snapshot v1, https://goo.gl/fbAQLP

exports[`CardContainer should render like snapshot 1`] = `
ShallowWrapper {
  Symbol(enzyme.__root__): [Circular],
  Symbol(enzyme.__unrendered__): <CardContainer
    favorites={
      Array [
        Object {
          "city": "Rochester",
          "country": "United States",
          "course_id": "4712",
          "dgcr_mobile_url": "http://www.dgcoursereview.com/mobile/course.php?id=4712",
          "dgcr_url": "http://www.dgcoursereview.com/course.php?id=4712",
          "holes": "18",
          "latitude": "43.119428",
          "longitude": "-77.636679",
          "name": "Genesee Valley Park",
          "paytoplay": "0",
          "private": "0",
          "rating": "3.29",
          "rating_img": "http://www.dgcoursereview.com/images/rating/discs_3.5.png",
          "rating_img_small": "http://www.dgcoursereview.com/images/rating/discs_sm_3.5.png",
          "reviews": "7",
          "state": "NY",
          "street_addr": "99 Elmwood Ave.",
          "tee_1_clr": "FF0000",
          "tee_2_clr": "",
          "tee_3_clr": "",
          "tee_4_clr": "",
          "zipcode": "14620",
        },
        Object {
          "city": "Henrietta",
          "country": "United States",
          "course_id": "7628",
          "dgcr_mobile_url": "http://www.dgcoursereview.com/mobile/course.php?id=7628",
          "dgcr_url": "http://www.dgcoursereview.com/course.php?id=7628",
          "holes": "9",
          "latitude": "43.045582",
          "longitude": "-77.617742",
          "name": "Lookup Park",
          "paytoplay": "0",
          "private": "0",
          "rating": "3.13",
          "rating_img": "http://www.dgcoursereview.com/images/rating/discs_3.png",
          "rating_img_small": "http://www.dgcoursereview.com/images/rating/discs_sm_3.png",
          "reviews": "4",
          "state": "NY",
          "street_addr": "3850 East Henrietta Rd.",
          "tee_1_clr": "FF0000",
          "tee_2_clr": "",
          "tee_3_clr": "",
          "tee_4_clr": "",
          "zipcode": "14467",
        },
        Object {
          "city": "Henrietta",
          "country": "United States",
          "course_id": "4937",
          "dgcr_mobile_url": "http://www.dgcoursereview.com/mobile/course.php?id=4937",
          "dgcr_url": "http://www.dgcoursereview.com/course.php?id=4937",
          "holes": "18",
          "latitude": "43.103033",
          "longitude": "-77.605526",
          "name": "Monroe Community College DGC",
          "paytoplay": "0",
          "private": "0",
          "rating": "2.94",
          "rating_img": "http://www.dgcoursereview.com/images/rating/discs_3.png",
          "rating_img_small": "http://www.dgcoursereview.com/images/rating/discs_sm_3.png",
          "reviews": "16",
          "state": "NY",
          "street_addr": "",
          "tee_1_clr": "FFFF00",
          "tee_2_clr": "000000",
          "tee_3_clr": "",
          "tee_4_clr": "",
          "zipcode": "14623",
        },
        Object {
          "city": "Rochester",
          "country": "United States",
          "course_id": "6795",
          "dgcr_mobile_url": "http://www.dgcoursereview.com/mobile/course.php?id=6795",
          "dgcr_url": "http://www.dgcoursereview.com/course.php?id=6795",
          "holes": "18",
          "latitude": "43.153154",
          "longitude": "-77.527428",
          "name": "Ellison Park",
          "paytoplay": "0",
          "private": "0",
          "rating": "3.54",
          "rating_img": "http://www.dgcoursereview.com/images/rating/discs_3.5.png",
          "rating_img_small": "http://www.dgcoursereview.com/images/rating/discs_sm_3.5.png",
          "reviews": "12",
          "state": "NY",
          "street_addr": "",
          "tee_1_clr": "",
          "tee_2_clr": "",
          "tee_3_clr": "0000CC",
          "tee_4_clr": "",
          "zipcode": "14610",
        },
        Object {
          "city": "Webster",
          "country": "United States",
          "course_id": "6443",
          "dgcr_mobile_url": "http://www.dgcoursereview.com/mobile/course.php?id=6443",
          "dgcr_url": "http://www.dgcoursereview.com/course.php?id=6443",
          "holes": "9",
          "latitude": "43.216217",
          "longitude": "-77.439955",
          "name": "North Ponds DGC",
          "paytoplay": "0",
          "private": "0",
          "rating": "1.75",
          "rating_img": "http://www.dgcoursereview.com/images/rating/discs_2.png",
          "rating_img_small": "http://www.dgcoursereview.com/images/rating/discs_sm_2.png",
          "reviews": "2",
          "state": "NY",
          "street_addr": "750 Holt Rd.",
          "tee_1_clr": "",
          "tee_2_clr": "FF9900",
          "tee_3_clr": "",
          "tee_4_clr": "",
          "zipcode": "14580",
        },
      ]
    }
  />,
  Symbol(enzyme.__renderer__): Object {
    "batchedUpdates": [Function],
    "getNode": [Function],
    "render": [Function],
    "simulateError": [Function],
    "simulateEvent": [Function],
    "unmount": [Function],
  },
  Symbol(enzyme.__node__): Object {
    "instance": null,
    "key": undefined,
    "nodeType": "host",
    "props": Object {
      "children": Array [
        <Connect(CourseInfoCard)
          course={
            Object {
              "city": "Rochester",
              "country": "United States",
              "course_id": "4712",
              "dgcr_mobile_url": "http://www.dgcoursereview.com/mobile/course.php?id=4712",
              "dgcr_url": "http://www.dgcoursereview.com/course.php?id=4712",
              "holes": "18",
              "latitude": "43.119428",
              "longitude": "-77.636679",
              "name": "Genesee Valley Park",
              "paytoplay": "0",
              "private": "0",
              "rating": "3.29",
              "rating_img": "http://www.dgcoursereview.com/images/rating/discs_3.5.png",
              "rating_img_small": "http://www.dgcoursereview.com/images/rating/discs_sm_3.5.png",
              "reviews": "7",
              "state": "NY",
              "street_addr": "99 Elmwood Ave.",
              "tee_1_clr": "FF0000",
              "tee_2_clr": "",
              "tee_3_clr": "",
              "tee_4_clr": "",
              "zipcode": "14620",
            }
          }
        />,
        <Connect(CourseInfoCard)
          course={
            Object {
              "city": "Henrietta",
              "country": "United States",
              "course_id": "7628",
              "dgcr_mobile_url": "http://www.dgcoursereview.com/mobile/course.php?id=7628",
              "dgcr_url": "http://www.dgcoursereview.com/course.php?id=7628",
              "holes": "9",
              "latitude": "43.045582",
              "longitude": "-77.617742",
              "name": "Lookup Park",
              "paytoplay": "0",
              "private": "0",
              "rating": "3.13",
              "rating_img": "http://www.dgcoursereview.com/images/rating/discs_3.png",
              "rating_img_small": "http://www.dgcoursereview.com/images/rating/discs_sm_3.png",
              "reviews": "4",
              "state": "NY",
              "street_addr": "3850 East Henrietta Rd.",
              "tee_1_clr": "FF0000",
              "tee_2_clr": "",
              "tee_3_clr": "",
              "tee_4_clr": "",
              "zipcode": "14467",
            }
          }
        />,
        <Connect(CourseInfoCard)
          course={
            Object {
              "city": "Henrietta",
              "country": "United States",
              "course_id": "4937",
              "dgcr_mobile_url": "http://www.dgcoursereview.com/mobile/course.php?id=4937",
              "dgcr_url": "http://www.dgcoursereview.com/course.php?id=4937",
              "holes": "18",
              "latitude": "43.103033",
              "longitude": "-77.605526",
              "name": "Monroe Community College DGC",
              "paytoplay": "0",
              "private": "0",
              "rating": "2.94",
              "rating_img": "http://www.dgcoursereview.com/images/rating/discs_3.png",
              "rating_img_small": "http://www.dgcoursereview.com/images/rating/discs_sm_3.png",
              "reviews": "16",
              "state": "NY",
              "street_addr": "",
              "tee_1_clr": "FFFF00",
              "tee_2_clr": "000000",
              "tee_3_clr": "",
              "tee_4_clr": "",
              "zipcode": "14623",
            }
          }
        />,
        <Connect(CourseInfoCard)
          course={
            Object {
              "city": "Rochester",
              "country": "United States",
              "course_id": "6795",
              "dgcr_mobile_url": "http://www.dgcoursereview.com/mobile/course.php?id=6795",
              "dgcr_url": "http://www.dgcoursereview.com/course.php?id=6795",
              "holes": "18",
              "latitude": "43.153154",
              "longitude": "-77.527428",
              "name": "Ellison Park",
              "paytoplay": "0",
              "private": "0",
              "rating": "3.54",
              "rating_img": "http://www.dgcoursereview.com/images/rating/discs_3.5.png",
              "rating_img_small": "http://www.dgcoursereview.com/images/rating/discs_sm_3.5.png",
              "reviews": "12",
              "state": "NY",
              "street_addr": "",
              "tee_1_clr": "",
              "tee_2_clr": "",
              "tee_3_clr": "0000CC",
              "tee_4_clr": "",
              "zipcode": "14610",
            }
          }
        />,
        <Connect(CourseInfoCard)
          course={
            Object {
              "city": "Webster",
              "country": "United States",
              "course_id": "6443",
              "dgcr_mobile_url": "http://www.dgcoursereview.com/mobile/course.php?id=6443",
              "dgcr_url": "http://www.dgcoursereview.com/course.php?id=6443",
              "holes": "9",
              "latitude": "43.216217",
              "longitude": "-77.439955",
              "name": "North Ponds DGC",
              "paytoplay": "0",
              "private": "0",
              "rating": "1.75",
              "rating_img": "http://www.dgcoursereview.com/images/rating/discs_2.png",
              "rating_img_small": "http://www.dgcoursereview.com/images/rating/discs_sm_2.png",
              "reviews": "2",
              "state": "NY",
              "street_addr": "750 Holt Rd.",
              "tee_1_clr": "",
              "tee_2_clr": "FF9900",
              "tee_3_clr": "",
              "tee_4_clr": "",
              "zipcode": "14580",
            }
          }
        />,
      ],
      "className": "CardContainer",
    },
    "ref": null,
    "rendered": Array [
      Object {
        "instance": null,
        "key": undefined,
        "nodeType": "class",
        "props": Object {
          "course": Object {
            "city": "Rochester",
            "country": "United States",
            "course_id": "4712",
            "dgcr_mobile_url": "http://www.dgcoursereview.com/mobile/course.php?id=4712",
            "dgcr_url": "http://www.dgcoursereview.com/course.php?id=4712",
            "holes": "18",
            "latitude": "43.119428",
            "longitude": "-77.636679",
            "name": "Genesee Valley Park",
            "paytoplay": "0",
            "private": "0",
            "rating": "3.29",
            "rating_img": "http://www.dgcoursereview.com/images/rating/discs_3.5.png",
            "rating_img_small": "http://www.dgcoursereview.com/images/rating/discs_sm_3.5.png",
            "reviews": "7",
            "state": "NY",
            "street_addr": "99 Elmwood Ave.",
            "tee_1_clr": "FF0000",
            "tee_2_clr": "",
            "tee_3_clr": "",
            "tee_4_clr": "",
            "zipcode": "14620",
          },
        },
        "ref": null,
        "rendered": null,
        "type": [Function],
      },
      Object {
        "instance": null,
        "key": undefined,
        "nodeType": "class",
        "props": Object {
          "course": Object {
            "city": "Henrietta",
            "country": "United States",
            "course_id": "7628",
            "dgcr_mobile_url": "http://www.dgcoursereview.com/mobile/course.php?id=7628",
            "dgcr_url": "http://www.dgcoursereview.com/course.php?id=7628",
            "holes": "9",
            "latitude": "43.045582",
            "longitude": "-77.617742",
            "name": "Lookup Park",
            "paytoplay": "0",
            "private": "0",
            "rating": "3.13",
            "rating_img": "http://www.dgcoursereview.com/images/rating/discs_3.png",
            "rating_img_small": "http://www.dgcoursereview.com/images/rating/discs_sm_3.png",
            "reviews": "4",
            "state": "NY",
            "street_addr": "3850 East Henrietta Rd.",
            "tee_1_clr": "FF0000",
            "tee_2_clr": "",
            "tee_3_clr": "",
            "tee_4_clr": "",
            "zipcode": "14467",
          },
        },
        "ref": null,
        "rendered": null,
        "type": [Function],
      },
      Object {
        "instance": null,
        "key": undefined,
        "nodeType": "class",
        "props": Object {
          "course": Object {
            "city": "Henrietta",
            "country": "United States",
            "course_id": "4937",
            "dgcr_mobile_url": "http://www.dgcoursereview.com/mobile/course.php?id=4937",
            "dgcr_url": "http://www.dgcoursereview.com/course.php?id=4937",
            "holes": "18",
            "latitude": "43.103033",
            "longitude": "-77.605526",
            "name": "Monroe Community College DGC",
            "paytoplay": "0",
            "private": "0",
            "rating": "2.94",
            "rating_img": "http://www.dgcoursereview.com/images/rating/discs_3.png",
            "rating_img_small": "http://www.dgcoursereview.com/images/rating/discs_sm_3.png",
            "reviews": "16",
            "state": "NY",
            "street_addr": "",
            "tee_1_clr": "FFFF00",
            "tee_2_clr": "000000",
            "tee_3_clr": "",
            "tee_4_clr": "",
            "zipcode": "14623",
          },
        },
        "ref": null,
        "rendered": null,
        "type": [Function],
      },
      Object {
        "instance": null,
        "key": undefined,
        "nodeType": "class",
        "props": Object {
          "course": Object {
            "city": "Rochester",
            "country": "United States",
            "course_id": "6795",
            "dgcr_mobile_url": "http://www.dgcoursereview.com/mobile/course.php?id=6795",
            "dgcr_url": "http://www.dgcoursereview.com/course.php?id=6795",
            "holes": "18",
            "latitude": "43.153154",
            "longitude": "-77.527428",
            "name": "Ellison Park",
            "paytoplay": "0",
            "private": "0",
            "rating": "3.54",
            "rating_img": "http://www.dgcoursereview.com/images/rating/discs_3.5.png",
            "rating_img_small": "http://www.dgcoursereview.com/images/rating/discs_sm_3.5.png",
            "reviews": "12",
            "state": "NY",
            "street_addr": "",
            "tee_1_clr": "",
            "tee_2_clr": "",
            "tee_3_clr": "0000CC",
            "tee_4_clr": "",
            "zipcode": "14610",
          },
        },
        "ref": null,
        "rendered": null,
        "type": [Function],
      },
      Object {
        "instance": null,
        "key": undefined,
        "nodeType": "class",
        "props": Object {
          "course": Object {
            "city": "Webster",
            "country": "United States",
            "course_id": "6443",
            "dgcr_mobile_url": "http://www.dgcoursereview.com/mobile/course.php?id=6443",
            "dgcr_url": "http://www.dgcoursereview.com/course.php?id=6443",
            "holes": "9",
            "latitude": "43.216217",
            "longitude": "-77.439955",
            "name": "North Ponds DGC",
            "paytoplay": "0",
            "private": "0",
            "rating": "1.75",
            "rating_img": "http://www.dgcoursereview.com/images/rating/discs_2.png",
            "rating_img_small": "http://www.dgcoursereview.com/images/rating/discs_sm_2.png",
            "reviews": "2",
            "state": "NY",
            "street_addr": "750 Holt Rd.",
            "tee_1_clr": "",
            "tee_2_clr": "FF9900",
            "tee_3_clr": "",
            "tee_4_clr": "",
            "zipcode": "14580",
          },
        },
        "ref": null,
        "rendered": null,
        "type": [Function],
      },
    ],
    "type": "div",
  },
  Symbol(enzyme.__nodes__): Array [
    Object {
      "instance": null,
      "key": undefined,
      "nodeType": "host",
      "props": Object {
        "children": Array [
          <Connect(CourseInfoCard)
            course={
              Object {
                "city": "Rochester",
                "country": "United States",
                "course_id": "4712",
                "dgcr_mobile_url": "http://www.dgcoursereview.com/mobile/course.php?id=4712",
                "dgcr_url": "http://www.dgcoursereview.com/course.php?id=4712",
                "holes": "18",
                "latitude": "43.119428",
                "longitude": "-77.636679",
                "name": "Genesee Valley Park",
                "paytoplay": "0",
                "private": "0",
                "rating": "3.29",
                "rating_img": "http://www.dgcoursereview.com/images/rating/discs_3.5.png",
                "rating_img_small": "http://www.dgcoursereview.com/images/rating/discs_sm_3.5.png",
                "reviews": "7",
                "state": "NY",
                "street_addr": "99 Elmwood Ave.",
                "tee_1_clr": "FF0000",
                "tee_2_clr": "",
                "tee_3_clr": "",
                "tee_4_clr": "",
                "zipcode": "14620",
              }
            }
          />,
          <Connect(CourseInfoCard)
            course={
              Object {
                "city": "Henrietta",
                "country": "United States",
                "course_id": "7628",
                "dgcr_mobile_url": "http://www.dgcoursereview.com/mobile/course.php?id=7628",
                "dgcr_url": "http://www.dgcoursereview.com/course.php?id=7628",
                "holes": "9",
                "latitude": "43.045582",
                "longitude": "-77.617742",
                "name": "Lookup Park",
                "paytoplay": "0",
                "private": "0",
                "rating": "3.13",
                "rating_img": "http://www.dgcoursereview.com/images/rating/discs_3.png",
                "rating_img_small": "http://www.dgcoursereview.com/images/rating/discs_sm_3.png",
                "reviews": "4",
                "state": "NY",
                "street_addr": "3850 East Henrietta Rd.",
                "tee_1_clr": "FF0000",
                "tee_2_clr": "",
                "tee_3_clr": "",
                "tee_4_clr": "",
                "zipcode": "14467",
              }
            }
          />,
          <Connect(CourseInfoCard)
            course={
              Object {
                "city": "Henrietta",
                "country": "United States",
                "course_id": "4937",
                "dgcr_mobile_url": "http://www.dgcoursereview.com/mobile/course.php?id=4937",
                "dgcr_url": "http://www.dgcoursereview.com/course.php?id=4937",
                "holes": "18",
                "latitude": "43.103033",
                "longitude": "-77.605526",
                "name": "Monroe Community College DGC",
                "paytoplay": "0",
                "private": "0",
                "rating": "2.94",
                "rating_img": "http://www.dgcoursereview.com/images/rating/discs_3.png",
                "rating_img_small": "http://www.dgcoursereview.com/images/rating/discs_sm_3.png",
                "reviews": "16",
                "state": "NY",
                "street_addr": "",
                "tee_1_clr": "FFFF00",
                "tee_2_clr": "000000",
                "tee_3_clr": "",
                "tee_4_clr": "",
                "zipcode": "14623",
              }
            }
          />,
          <Connect(CourseInfoCard)
            course={
              Object {
                "city": "Rochester",
                "country": "United States",
                "course_id": "6795",
                "dgcr_mobile_url": "http://www.dgcoursereview.com/mobile/course.php?id=6795",
                "dgcr_url": "http://www.dgcoursereview.com/course.php?id=6795",
                "holes": "18",
                "latitude": "43.153154",
                "longitude": "-77.527428",
                "name": "Ellison Park",
                "paytoplay": "0",
                "private": "0",
                "rating": "3.54",
                "rating_img": "http://www.dgcoursereview.com/images/rating/discs_3.5.png",
                "rating_img_small": "http://www.dgcoursereview.com/images/rating/discs_sm_3.5.png",
                "reviews": "12",
                "state": "NY",
                "street_addr": "",
                "tee_1_clr": "",
                "tee_2_clr": "",
                "tee_3_clr": "0000CC",
                "tee_4_clr": "",
                "zipcode": "14610",
              }
            }
          />,
          <Connect(CourseInfoCard)
            course={
              Object {
                "city": "Webster",
                "country": "United States",
                "course_id": "6443",
                "dgcr_mobile_url": "http://www.dgcoursereview.com/mobile/course.php?id=6443",
                "dgcr_url": "http://www.dgcoursereview.com/course.php?id=6443",
                "holes": "9",
                "latitude": "43.216217",
                "longitude": "-77.439955",
                "name": "North Ponds DGC",
                "paytoplay": "0",
                "private": "0",
                "rating": "1.75",
                "rating_img": "http://www.dgcoursereview.com/images/rating/discs_2.png",
                "rating_img_small": "http://www.dgcoursereview.com/images/rating/discs_sm_2.png",
                "reviews": "2",
                "state": "NY",
                "street_addr": "750 Holt Rd.",
                "tee_1_clr": "",
                "tee_2_clr": "FF9900",
                "tee_3_clr": "",
                "tee_4_clr": "",
                "zipcode": "14580",
              }
            }
          />,
        ],
        "className": "CardContainer",
      },
      "ref": null,
      "rendered": Array [
        Object {
          "instance": null,
          "key": undefined,
          "nodeType": "class",
          "props": Object {
            "course": Object {
              "city": "Rochester",
              "country": "United States",
              "course_id": "4712",
              "dgcr_mobile_url": "http://www.dgcoursereview.com/mobile/course.php?id=4712",
              "dgcr_url": "http://www.dgcoursereview.com/course.php?id=4712",
              "holes": "18",
              "latitude": "43.119428",
              "longitude": "-77.636679",
              "name": "Genesee Valley Park",
              "paytoplay": "0",
              "private": "0",
              "rating": "3.29",
              "rating_img": "http://www.dgcoursereview.com/images/rating/discs_3.5.png",
              "rating_img_small": "http://www.dgcoursereview.com/images/rating/discs_sm_3.5.png",
              "reviews": "7",
              "state": "NY",
              "street_addr": "99 Elmwood Ave.",
              "tee_1_clr": "FF0000",
              "tee_2_clr": "",
              "tee_3_clr": "",
              "tee_4_clr": "",
              "zipcode": "14620",
            },
          },
          "ref": null,
          "rendered": null,
          "type": [Function],
        },
        Object {
          "instance": null,
          "key": undefined,
          "nodeType": "class",
          "props": Object {
            "course": Object {
              "city": "Henrietta",
              "country": "United States",
              "course_id": "7628",
              "dgcr_mobile_url": "http://www.dgcoursereview.com/mobile/course.php?id=7628",
              "dgcr_url": "http://www.dgcoursereview.com/course.php?id=7628",
              "holes": "9",
              "latitude": "43.045582",
              "longitude": "-77.617742",
              "name": "Lookup Park",
              "paytoplay": "0",
              "private": "0",
              "rating": "3.13",
              "rating_img": "http://www.dgcoursereview.com/images/rating/discs_3.png",
              "rating_img_small": "http://www.dgcoursereview.com/images/rating/discs_sm_3.png",
              "reviews": "4",
              "state": "NY",
              "street_addr": "3850 East Henrietta Rd.",
              "tee_1_clr": "FF0000",
              "tee_2_clr": "",
              "tee_3_clr": "",
              "tee_4_clr": "",
              "zipcode": "14467",
            },
          },
          "ref": null,
          "rendered": null,
          "type": [Function],
        },
        Object {
          "instance": null,
          "key": undefined,
          "nodeType": "class",
          "props": Object {
            "course": Object {
              "city": "Henrietta",
              "country": "United States",
              "course_id": "4937",
              "dgcr_mobile_url": "http://www.dgcoursereview.com/mobile/course.php?id=4937",
              "dgcr_url": "http://www.dgcoursereview.com/course.php?id=4937",
              "holes": "18",
              "latitude": "43.103033",
              "longitude": "-77.605526",
              "name": "Monroe Community College DGC",
              "paytoplay": "0",
              "private": "0",
              "rating": "2.94",
              "rating_img": "http://www.dgcoursereview.com/images/rating/discs_3.png",
              "rating_img_small": "http://www.dgcoursereview.com/images/rating/discs_sm_3.png",
              "reviews": "16",
              "state": "NY",
              "street_addr": "",
              "tee_1_clr": "FFFF00",
              "tee_2_clr": "000000",
              "tee_3_clr": "",
              "tee_4_clr": "",
              "zipcode": "14623",
            },
          },
          "ref": null,
          "rendered": null,
          "type": [Function],
        },
        Object {
          "instance": null,
          "key": undefined,
          "nodeType": "class",
          "props": Object {
            "course": Object {
              "city": "Rochester",
              "country": "United States",
              "course_id": "6795",
              "dgcr_mobile_url": "http://www.dgcoursereview.com/mobile/course.php?id=6795",
              "dgcr_url": "http://www.dgcoursereview.com/course.php?id=6795",
              "holes": "18",
              "latitude": "43.153154",
              "longitude": "-77.527428",
              "name": "Ellison Park",
              "paytoplay": "0",
              "private": "0",
              "rating": "3.54",
              "rating_img": "http://www.dgcoursereview.com/images/rating/discs_3.5.png",
              "rating_img_small": "http://www.dgcoursereview.com/images/rating/discs_sm_3.5.png",
              "reviews": "12",
              "state": "NY",
              "street_addr": "",
              "tee_1_clr": "",
              "tee_2_clr": "",
              "tee_3_clr": "0000CC",
              "tee_4_clr": "",
              "zipcode": "14610",
            },
          },
          "ref": null,
          "rendered": null,
          "type": [Function],
        },
        Object {
          "instance": null,
          "key": undefined,
          "nodeType": "class",
          "props": Object {
            "course": Object {
              "city": "Webster",
              "country": "United States",
              "course_id": "6443",
              "dgcr_mobile_url": "http://www.dgcoursereview.com/mobile/course.php?id=6443",
              "dgcr_url": "http://www.dgcoursereview.com/course.php?id=6443",
              "holes": "9",
              "latitude": "43.216217",
              "longitude": "-77.439955",
              "name": "North Ponds DGC",
              "paytoplay": "0",
              "private": "0",
              "rating": "1.75",
              "rating_img": "http://www.dgcoursereview.com/images/rating/discs_2.png",
              "rating_img_small": "http://www.dgcoursereview.com/images/rating/discs_sm_2.png",
              "reviews": "2",
              "state": "NY",
              "street_addr": "750 Holt Rd.",
              "tee_1_clr": "",
              "tee_2_clr": "FF9900",
              "tee_3_clr": "",
              "tee_4_clr": "",
              "zipcode": "14580",
            },
          },
          "ref": null,
          "rendered": null,
          "type": [Function],
        },
      ],
      "type": "div",
    },
  ],
  Symbol(enzyme.__options__): Object {
    "adapter": ReactSixteenAdapter {
      "options": Object {
        "enableComponentDidUpdateOnSetState": true,
        "lifecycles": Object {
          "componentDidUpdate": Object {
            "onSetState": true,
          },
          "getDerivedStateFromProps": true,
          "getSnapshotBeforeUpdate": true,
          "setState": Object {
            "skipsComponentDidUpdateOnNullish": true,
          },
        },
      },
    },
  },
}
`;
