// Jest Snapshot v1, https://goo.gl/fbAQLP

exports[`SearchResultsCard should render like snapshot 1`] = `
ShallowWrapper {
  Symbol(enzyme.__root__): [Circular],
  Symbol(enzyme.__unrendered__): <withRouter(Connect(SearchResultsCard))
    courses={
      Array [
        Object {
          "address": "99 Elmwood Ave.",
          "city": "Rochester",
          "country": "United States",
          "holes": "18",
          "id": "4712",
          "isFavorite": false,
          "isPayToPlay": "No",
          "isPrivate": "No",
          "name": "Genesee Valley Park",
          "rating": "3.29",
          "state": "NY",
          "zip": "14620",
        },
        Object {
          "address": "3850 East Henrietta Rd.",
          "city": "Henrietta",
          "country": "United States",
          "holes": "9",
          "id": "7628",
          "isFavorite": false,
          "isPayToPlay": "No",
          "isPrivate": "No",
          "name": "Lookup Park",
          "rating": "3.13",
          "state": "NY",
          "zip": "14467",
        },
        Object {
          "address": "",
          "city": "Henrietta",
          "country": "United States",
          "holes": "18",
          "id": "4937",
          "isFavorite": false,
          "isPayToPlay": "No",
          "isPrivate": "No",
          "name": "Monroe Community College DGC",
          "rating": "2.94",
          "state": "NY",
          "zip": "14623",
        },
        Object {
          "address": "",
          "city": "Rochester",
          "country": "United States",
          "holes": "18",
          "id": "6795",
          "isFavorite": false,
          "isPayToPlay": "No",
          "isPrivate": "No",
          "name": "Ellison Park",
          "rating": "3.54",
          "state": "NY",
          "zip": "14610",
        },
        Object {
          "address": "750 Holt Rd.",
          "city": "Webster",
          "country": "United States",
          "holes": "9",
          "id": "6443",
          "isFavorite": false,
          "isPayToPlay": "No",
          "isPrivate": "No",
          "name": "North Ponds DGC",
          "rating": "1.75",
          "state": "NY",
          "zip": "14580",
        },
      ]
    }
  />,
  Symbol(enzyme.__renderer__): Object {
    "batchedUpdates": [Function],
    "getNode": [Function],
    "render": [Function],
    "simulateError": [Function],
    "simulateEvent": [Function],
    "unmount": [Function],
  },
  Symbol(enzyme.__node__): Object {
    "instance": null,
    "key": undefined,
    "nodeType": "class",
    "props": Object {
      "children": [Function],
    },
    "ref": null,
    "rendered": [Function],
    "type": [Function],
  },
  Symbol(enzyme.__nodes__): Array [
    Object {
      "instance": null,
      "key": undefined,
      "nodeType": "class",
      "props": Object {
        "children": [Function],
      },
      "ref": null,
      "rendered": [Function],
      "type": [Function],
    },
  ],
  Symbol(enzyme.__options__): Object {
    "adapter": ReactSixteenAdapter {
      "options": Object {
        "enableComponentDidUpdateOnSetState": true,
        "lifecycles": Object {
          "componentDidUpdate": Object {
            "onSetState": true,
          },
          "getDerivedStateFromProps": true,
          "getSnapshotBeforeUpdate": true,
          "setState": Object {
            "skipsComponentDidUpdateOnNullish": true,
          },
        },
      },
    },
  },
}
`;
